[["test_imgs/2018.jpg", "test_gt/2018.png"],  
["test_imgs/3063.jpg", "test_gt/3063.png"], 
["test_imgs/5096.jpg", "test_gt/5096.png"], 
["test_imgs/6046.jpg", "test_gt/6046.png"], 
["test_imgs/8068.jpg", "test_gt/8068.png"], 
["test_imgs/10081.jpg", "test_gt/10081.png"], 
["test_imgs/14085.jpg", "test_gt/14085.png"], 
["test_imgs/14092.jpg", "test_gt/14092.png"], 
["test_imgs/15011.jpg", "test_gt/15011.png"], 
["test_imgs/15062.jpg", "test_gt/15062.png"], 
["test_imgs/16004.jpg", "test_gt/16004.png"], 
["test_imgs/16068.jpg", "test_gt/16068.png"], 
["test_imgs/17067.jpg", "test_gt/17067.png"], 
["test_imgs/20069.jpg", "test_gt/20069.png"], 
["test_imgs/23050.jpg", "test_gt/23050.png"], 
["test_imgs/28083.jpg", "test_gt/28083.png"], 
["test_imgs/29030.jpg", "test_gt/29030.png"], 
["test_imgs/33044.jpg", "test_gt/33044.png"], 
["test_imgs/35028.jpg", "test_gt/35028.png"], 
["test_imgs/35049.jpg", "test_gt/35049.png"], 
["test_imgs/36046.jpg", "test_gt/36046.png"], 
["test_imgs/41006.jpg", "test_gt/41006.png"], 
["test_imgs/41029.jpg", "test_gt/41029.png"], 
["test_imgs/41085.jpg", "test_gt/41085.png"], 
["test_imgs/41096.jpg", "test_gt/41096.png"], 
["test_imgs/43033.jpg", "test_gt/43033.png"], 
["test_imgs/43051.jpg", "test_gt/43051.png"], 
["test_imgs/45000.jpg", "test_gt/45000.png"], 
["test_imgs/48017.jpg", "test_gt/48017.png"], 
["test_imgs/48025.jpg", "test_gt/48025.png"], 
["test_imgs/49024.jpg", "test_gt/49024.png"], 
["test_imgs/51084.jpg", "test_gt/51084.png"], 
["test_imgs/61034.jpg", "test_gt/61034.png"], 
["test_imgs/64061.jpg", "test_gt/64061.png"], 
["test_imgs/65084.jpg", "test_gt/65084.png"], 
["test_imgs/69000.jpg", "test_gt/69000.png"], 
["test_imgs/69007.jpg", "test_gt/69007.png"], 
["test_imgs/69022.jpg", "test_gt/69022.png"], 
["test_imgs/70011.jpg", "test_gt/70011.png"], 
["test_imgs/70090.jpg", "test_gt/70090.png"], 
["test_imgs/71076.jpg", "test_gt/71076.png"], 
["test_imgs/71099.jpg", "test_gt/71099.png"], 
["test_imgs/77062.jpg", "test_gt/77062.png"], 
["test_imgs/78098.jpg", "test_gt/78098.png"], 
["test_imgs/79073.jpg", "test_gt/79073.png"], 
["test_imgs/80085.jpg", "test_gt/80085.png"], 
["test_imgs/80090.jpg", "test_gt/80090.png"], 
["test_imgs/81066.jpg", "test_gt/81066.png"], 
["test_imgs/81090.jpg", "test_gt/81090.png"], 
["test_imgs/81095.jpg", "test_gt/81095.png"], 
["test_imgs/87015.jpg", "test_gt/87015.png"], 
["test_imgs/92014.jpg", "test_gt/92014.png"], 
["test_imgs/94095.jpg", "test_gt/94095.png"], 
["test_imgs/97010.jpg", "test_gt/97010.png"], 
["test_imgs/100007.jpg", "test_gt/100007.png"], 
["test_imgs/100039.jpg", "test_gt/100039.png"], 
["test_imgs/100099.jpg", "test_gt/100099.png"], 
["test_imgs/101027.jpg", "test_gt/101027.png"], 
["test_imgs/101084.jpg", "test_gt/101084.png"], 
["test_imgs/102062.jpg", "test_gt/102062.png"], 
["test_imgs/103006.jpg", "test_gt/103006.png"], 
["test_imgs/103029.jpg", "test_gt/103029.png"], 
["test_imgs/103078.jpg", "test_gt/103078.png"], 
["test_imgs/104010.jpg", "test_gt/104010.png"], 
["test_imgs/104055.jpg", "test_gt/104055.png"], 
["test_imgs/105027.jpg", "test_gt/105027.png"], 
["test_imgs/106005.jpg", "test_gt/106005.png"], 
["test_imgs/106047.jpg", "test_gt/106047.png"], 
["test_imgs/107014.jpg", "test_gt/107014.png"], 
["test_imgs/107045.jpg", "test_gt/107045.png"], 
["test_imgs/107072.jpg", "test_gt/107072.png"], 
["test_imgs/108004.jpg", "test_gt/108004.png"], 
["test_imgs/108036.jpg", "test_gt/108036.png"], 
["test_imgs/108069.jpg", "test_gt/108069.png"], 
["test_imgs/109055.jpg", "test_gt/109055.png"], 
["test_imgs/112056.jpg", "test_gt/112056.png"], 
["test_imgs/112090.jpg", "test_gt/112090.png"], 
["test_imgs/117025.jpg", "test_gt/117025.png"], 
["test_imgs/118015.jpg", "test_gt/118015.png"], 
["test_imgs/118031.jpg", "test_gt/118031.png"], 
["test_imgs/118072.jpg", "test_gt/118072.png"], 
["test_imgs/120003.jpg", "test_gt/120003.png"], 
["test_imgs/120093.jpg", "test_gt/120093.png"], 
["test_imgs/123057.jpg", "test_gt/123057.png"], 
["test_imgs/128035.jpg", "test_gt/128035.png"], 
["test_imgs/130014.jpg", "test_gt/130014.png"], 
["test_imgs/130066.jpg", "test_gt/130066.png"], 
["test_imgs/134049.jpg", "test_gt/134049.png"], 
["test_imgs/134067.jpg", "test_gt/134067.png"], 
["test_imgs/140006.jpg", "test_gt/140006.png"], 
["test_imgs/140088.jpg", "test_gt/140088.png"], 
["test_imgs/141012.jpg", "test_gt/141012.png"], 
["test_imgs/141048.jpg", "test_gt/141048.png"], 
["test_imgs/145059.jpg", "test_gt/145059.png"], 
["test_imgs/145079.jpg", "test_gt/145079.png"], 
["test_imgs/146074.jpg", "test_gt/146074.png"], 
["test_imgs/147077.jpg", "test_gt/147077.png"], 
["test_imgs/147080.jpg", "test_gt/147080.png"], 
["test_imgs/156054.jpg", "test_gt/156054.png"], 
["test_imgs/157032.jpg", "test_gt/157032.png"], 
["test_imgs/157087.jpg", "test_gt/157087.png"], 
["test_imgs/159002.jpg", "test_gt/159002.png"], 
["test_imgs/159022.jpg", "test_gt/159022.png"], 
["test_imgs/160006.jpg", "test_gt/160006.png"], 
["test_imgs/160067.jpg", "test_gt/160067.png"], 
["test_imgs/161045.jpg", "test_gt/161045.png"], 
["test_imgs/163004.jpg", "test_gt/163004.png"], 
["test_imgs/163096.jpg", "test_gt/163096.png"], 
["test_imgs/164046.jpg", "test_gt/164046.png"], 
["test_imgs/168084.jpg", "test_gt/168084.png"], 
["test_imgs/175083.jpg", "test_gt/175083.png"], 
["test_imgs/176051.jpg", "test_gt/176051.png"], 
["test_imgs/179084.jpg", "test_gt/179084.png"], 
["test_imgs/181021.jpg", "test_gt/181021.png"], 
["test_imgs/183066.jpg", "test_gt/183066.png"], 
["test_imgs/185092.jpg", "test_gt/185092.png"], 
["test_imgs/187058.jpg", "test_gt/187058.png"], 
["test_imgs/187099.jpg", "test_gt/187099.png"], 
["test_imgs/188025.jpg", "test_gt/188025.png"], 
["test_imgs/189006.jpg", "test_gt/189006.png"], 
["test_imgs/189013.jpg", "test_gt/189013.png"], 
["test_imgs/189029.jpg", "test_gt/189029.png"], 
["test_imgs/189096.jpg", "test_gt/189096.png"], 
["test_imgs/196027.jpg", "test_gt/196027.png"], 
["test_imgs/196040.jpg", "test_gt/196040.png"], 
["test_imgs/196062.jpg", "test_gt/196062.png"], 
["test_imgs/196088.jpg", "test_gt/196088.png"], 
["test_imgs/198087.jpg", "test_gt/198087.png"], 
["test_imgs/201080.jpg", "test_gt/201080.png"], 
["test_imgs/202000.jpg", "test_gt/202000.png"], 
["test_imgs/206062.jpg", "test_gt/206062.png"], 
["test_imgs/206097.jpg", "test_gt/206097.png"], 
["test_imgs/207038.jpg", "test_gt/207038.png"], 
["test_imgs/207049.jpg", "test_gt/207049.png"], 
["test_imgs/208078.jpg", "test_gt/208078.png"], 
["test_imgs/209021.jpg", "test_gt/209021.png"], 
["test_imgs/217013.jpg", "test_gt/217013.png"], 
["test_imgs/217090.jpg", "test_gt/217090.png"], 
["test_imgs/220003.jpg", "test_gt/220003.png"], 
["test_imgs/223004.jpg", "test_gt/223004.png"], 
["test_imgs/223060.jpg", "test_gt/223060.png"], 
["test_imgs/225022.jpg", "test_gt/225022.png"], 
["test_imgs/226022.jpg", "test_gt/226022.png"], 
["test_imgs/226033.jpg", "test_gt/226033.png"], 
["test_imgs/226043.jpg", "test_gt/226043.png"], 
["test_imgs/226060.jpg", "test_gt/226060.png"], 
["test_imgs/228076.jpg", "test_gt/228076.png"], 
["test_imgs/230063.jpg", "test_gt/230063.png"], 
["test_imgs/230098.jpg", "test_gt/230098.png"], 
["test_imgs/232076.jpg", "test_gt/232076.png"], 
["test_imgs/235098.jpg", "test_gt/235098.png"], 
["test_imgs/238025.jpg", "test_gt/238025.png"], 
["test_imgs/243095.jpg", "test_gt/243095.png"], 
["test_imgs/246009.jpg", "test_gt/246009.png"], 
["test_imgs/247003.jpg", "test_gt/247003.png"], 
["test_imgs/247012.jpg", "test_gt/247012.png"], 
["test_imgs/249021.jpg", "test_gt/249021.png"], 
["test_imgs/250047.jpg", "test_gt/250047.png"], 
["test_imgs/250087.jpg", "test_gt/250087.png"], 
["test_imgs/253016.jpg", "test_gt/253016.png"], 
["test_imgs/253092.jpg", "test_gt/253092.png"], 
["test_imgs/257098.jpg", "test_gt/257098.png"], 
["test_imgs/258089.jpg", "test_gt/258089.png"], 
["test_imgs/259060.jpg", "test_gt/259060.png"], 
["test_imgs/267036.jpg", "test_gt/267036.png"], 
["test_imgs/268048.jpg", "test_gt/268048.png"], 
["test_imgs/268074.jpg", "test_gt/268074.png"], 
["test_imgs/277053.jpg", "test_gt/277053.png"], 
["test_imgs/279005.jpg", "test_gt/279005.png"], 
["test_imgs/281017.jpg", "test_gt/281017.png"], 
["test_imgs/285022.jpg", "test_gt/285022.png"], 
["test_imgs/288024.jpg", "test_gt/288024.png"], 
["test_imgs/289011.jpg", "test_gt/289011.png"], 
["test_imgs/290035.jpg", "test_gt/290035.png"], 
["test_imgs/296028.jpg", "test_gt/296028.png"], 
["test_imgs/296058.jpg", "test_gt/296058.png"], 
["test_imgs/302022.jpg", "test_gt/302022.png"], 
["test_imgs/306051.jpg", "test_gt/306051.png"], 
["test_imgs/306052.jpg", "test_gt/306052.png"], 
["test_imgs/309040.jpg", "test_gt/309040.png"], 
["test_imgs/317043.jpg", "test_gt/317043.png"], 
["test_imgs/326025.jpg", "test_gt/326025.png"], 
["test_imgs/326085.jpg", "test_gt/326085.png"], 
["test_imgs/334025.jpg", "test_gt/334025.png"], 
["test_imgs/335088.jpg", "test_gt/335088.png"], 
["test_imgs/335094.jpg", "test_gt/335094.png"], 
["test_imgs/344010.jpg", "test_gt/344010.png"], 
["test_imgs/346016.jpg", "test_gt/346016.png"], 
["test_imgs/347031.jpg", "test_gt/347031.png"], 
["test_imgs/365072.jpg", "test_gt/365072.png"], 
["test_imgs/368037.jpg", "test_gt/368037.png"], 
["test_imgs/372019.jpg", "test_gt/372019.png"], 
["test_imgs/376086.jpg", "test_gt/376086.png"], 
["test_imgs/384022.jpg", "test_gt/384022.png"], 
["test_imgs/384089.jpg", "test_gt/384089.png"], 
["test_imgs/385022.jpg", "test_gt/385022.png"], 
["test_imgs/388006.jpg", "test_gt/388006.png"], 
["test_imgs/388018.jpg", "test_gt/388018.png"], 
["test_imgs/388067.jpg", "test_gt/388067.png"], 
["test_imgs/393035.jpg", "test_gt/393035.png"]]